mode: atomic
github.com/newrelic/nri-postgresql/src/main.go:33.13,38.16 3 0
github.com/newrelic/nri-postgresql/src/main.go:38.16,41.3 2 0
github.com/newrelic/nri-postgresql/src/main.go:43.2,43.22 1 0
github.com/newrelic/nri-postgresql/src/main.go:43.22,53.3 2 0
github.com/newrelic/nri-postgresql/src/main.go:56.2,59.40 2 0
github.com/newrelic/nri-postgresql/src/main.go:59.40,62.3 2 0
github.com/newrelic/nri-postgresql/src/main.go:64.2,66.26 3 0
github.com/newrelic/nri-postgresql/src/main.go:66.26,68.49 2 0
github.com/newrelic/nri-postgresql/src/main.go:68.49,71.4 2 0
github.com/newrelic/nri-postgresql/src/main.go:75.3,76.45 2 0
github.com/newrelic/nri-postgresql/src/main.go:78.2,79.16 2 0
github.com/newrelic/nri-postgresql/src/main.go:79.16,82.3 2 0
github.com/newrelic/nri-postgresql/src/main.go:83.2,83.23 1 0
github.com/newrelic/nri-postgresql/src/main.go:83.23,92.37 3 0
github.com/newrelic/nri-postgresql/src/main.go:92.37,94.4 1 0
github.com/newrelic/nri-postgresql/src/main.go:97.2,97.25 1 0
github.com/newrelic/nri-postgresql/src/main.go:97.25,99.17 2 0
github.com/newrelic/nri-postgresql/src/main.go:99.17,101.4 1 0
github.com/newrelic/nri-postgresql/src/main.go:101.9,104.4 2 0
github.com/newrelic/nri-postgresql/src/main.go:107.2,107.47 1 0
github.com/newrelic/nri-postgresql/src/main.go:107.47,109.3 1 0
github.com/newrelic/nri-postgresql/src/main.go:111.2,111.26 1 0
github.com/newrelic/nri-postgresql/src/main.go:111.26,113.3 1 0
github.com/newrelic/nri-postgresql/src/main.go:115.2,115.32 1 0
github.com/newrelic/nri-postgresql/src/main.go:115.32,117.3 1 0
github.com/newrelic/nri-postgresql/src/query-performance-monitoring/query_performance_main.go:21.128,23.27 2 0
github.com/newrelic/nri-postgresql/src/query-performance-monitoring/query_performance_main.go:23.27,26.3 2 0
github.com/newrelic/nri-postgresql/src/query-performance-monitoring/query_performance_main.go:27.2,28.16 2 0
github.com/newrelic/nri-postgresql/src/query-performance-monitoring/query_performance_main.go:28.16,31.3 2 0
github.com/newrelic/nri-postgresql/src/query-performance-monitoring/query_performance_main.go:32.2,35.23 3 0
github.com/newrelic/nri-postgresql/src/query-performance-monitoring/query_performance_main.go:35.23,38.3 2 0
github.com/newrelic/nri-postgresql/src/query-performance-monitoring/query_performance_main.go:39.2,40.76 2 0
github.com/newrelic/nri-postgresql/src/query-performance-monitoring/query_performance_main.go:40.76,43.3 2 0
github.com/newrelic/nri-postgresql/src/query-performance-monitoring/query_performance_main.go:44.2,46.83 2 0
github.com/newrelic/nri-postgresql/src/query-performance-monitoring/query_performance_main.go:49.219,51.16 2 0
github.com/newrelic/nri-postgresql/src/query-performance-monitoring/query_performance_main.go:51.16,54.3 2 0
github.com/newrelic/nri-postgresql/src/query-performance-monitoring/query_performance_main.go:56.2,56.15 1 0
github.com/newrelic/nri-postgresql/src/query-performance-monitoring/query_performance_main.go:56.15,81.3 20 0
github.com/newrelic/nri-postgresql/src/query-performance-monitoring/query_performance_main.go:81.8,114.3 20 0
github.com/newrelic/nri-postgresql/src/query-performance-monitoring/common-parameters/common_parameters.go:27.102,37.2 1 0
github.com/newrelic/nri-postgresql/src/query-performance-monitoring/common-parameters/common_parameters.go:39.85,40.51 1 0
github.com/newrelic/nri-postgresql/src/query-performance-monitoring/common-parameters/common_parameters.go:40.51,43.3 2 0
github.com/newrelic/nri-postgresql/src/query-performance-monitoring/common-parameters/common_parameters.go:44.2,44.50 1 0
github.com/newrelic/nri-postgresql/src/query-performance-monitoring/common-parameters/common_parameters.go:47.78,48.44 1 0
github.com/newrelic/nri-postgresql/src/query-performance-monitoring/common-parameters/common_parameters.go:48.44,51.3 2 0
github.com/newrelic/nri-postgresql/src/query-performance-monitoring/common-parameters/common_parameters.go:52.2,52.65 1 0
github.com/newrelic/nri-postgresql/src/query-performance-monitoring/common-parameters/common_parameters.go:52.65,55.3 2 0
github.com/newrelic/nri-postgresql/src/query-performance-monitoring/common-parameters/common_parameters.go:56.2,56.43 1 0
github.com/newrelic/nri-postgresql/tests/simulation/helpers.go:17.101,21.33 3 0
github.com/newrelic/nri-postgresql/tests/simulation/helpers.go:21.33,23.3 1 0
github.com/newrelic/nri-postgresql/tests/simulation/helpers.go:25.2,40.16 11 0
github.com/newrelic/nri-postgresql/tests/simulation/helpers.go:40.16,42.3 1 0
github.com/newrelic/nri-postgresql/tests/simulation/helpers.go:44.2,44.28 1 0
github.com/newrelic/nri-postgresql/tests/simulation/helpers.go:48.165,51.21 2 0
github.com/newrelic/nri-postgresql/tests/simulation/helpers.go:51.21,53.3 1 0
github.com/newrelic/nri-postgresql/tests/simulation/helpers.go:54.2,54.21 1 0
github.com/newrelic/nri-postgresql/tests/simulation/helpers.go:54.21,56.3 1 0
github.com/newrelic/nri-postgresql/tests/simulation/helpers.go:59.2,61.21 2 0
github.com/newrelic/nri-postgresql/tests/simulation/helpers.go:61.21,63.3 1 0
github.com/newrelic/nri-postgresql/tests/simulation/helpers.go:64.2,64.27 1 0
github.com/newrelic/nri-postgresql/tests/simulation/helpers.go:64.27,66.3 1 0
github.com/newrelic/nri-postgresql/tests/simulation/helpers.go:68.2,68.27 1 0
github.com/newrelic/nri-postgresql/tests/simulation/helpers.go:68.27,70.3 1 0
github.com/newrelic/nri-postgresql/tests/simulation/helpers.go:72.2,73.18 2 0
github.com/newrelic/nri-postgresql/tests/simulation/helpers.go:73.18,75.3 1 0
github.com/newrelic/nri-postgresql/tests/simulation/helpers.go:77.2,77.28 1 0
github.com/newrelic/nri-postgresql/tests/simulation/helpers.go:81.62,83.16 2 0
github.com/newrelic/nri-postgresql/tests/simulation/helpers.go:83.16,86.3 2 0
github.com/newrelic/nri-postgresql/tests/simulation/helpers.go:88.2,95.16 6 0
github.com/newrelic/nri-postgresql/tests/simulation/helpers.go:95.16,97.3 1 0
github.com/newrelic/nri-postgresql/tests/simulation/helpers.go:99.2,99.20 1 0
github.com/newrelic/nri-postgresql/tests/simulation/helpers.go:99.20,101.3 1 0
github.com/newrelic/nri-postgresql/tests/simulation/helpers.go:103.2,104.39 2 0
github.com/newrelic/nri-postgresql/tests/simulation/helpers.go:104.39,106.3 1 0
github.com/newrelic/nri-postgresql/tests/simulation/helpers.go:107.2,109.86 2 0
github.com/newrelic/nri-postgresql/tests/simulation/helpers.go:113.50,125.2 2 0
github.com/newrelic/nri-postgresql/tests/simulation/sim_queries.go:23.55,40.16 9 0
github.com/newrelic/nri-postgresql/tests/simulation/sim_queries.go:40.16,42.3 1 0
github.com/newrelic/nri-postgresql/tests/simulation/sim_queries.go:43.2,43.16 1 0
github.com/newrelic/nri-postgresql/tests/simulation/sim_queries.go:46.48,47.19 1 0
github.com/newrelic/nri-postgresql/tests/simulation/sim_queries.go:48.32,49.14 1 0
github.com/newrelic/nri-postgresql/tests/simulation/sim_queries.go:50.32,51.14 1 0
github.com/newrelic/nri-postgresql/tests/simulation/sim_queries.go:52.26,53.14 1 0
github.com/newrelic/nri-postgresql/tests/simulation/sim_queries.go:54.10,55.14 1 0
github.com/newrelic/nri-postgresql/tests/simulation/sim_queries.go:66.95,71.2 1 0
github.com/newrelic/nri-postgresql/tests/simulation/sim_queries.go:74.81,77.12 2 0
github.com/newrelic/nri-postgresql/tests/simulation/sim_queries.go:77.12,84.13 3 0
github.com/newrelic/nri-postgresql/tests/simulation/sim_queries.go:84.13,87.4 2 0
github.com/newrelic/nri-postgresql/tests/simulation/sim_queries.go:89.3,89.13 1 0
github.com/newrelic/nri-postgresql/tests/simulation/sim_queries.go:89.13,92.4 2 0
github.com/newrelic/nri-postgresql/tests/simulation/sim_queries.go:94.3,94.42 1 0
github.com/newrelic/nri-postgresql/tests/simulation/sim_queries.go:94.42,95.14 1 0
github.com/newrelic/nri-postgresql/tests/simulation/sim_queries.go:95.14,98.5 2 0
github.com/newrelic/nri-postgresql/tests/simulation/sim_queries.go:101.3,101.13 1 0
github.com/newrelic/nri-postgresql/tests/simulation/sim_queries.go:101.13,104.4 2 0
github.com/newrelic/nri-postgresql/tests/simulation/sim_queries.go:107.3,107.26 1 0
github.com/newrelic/nri-postgresql/tests/simulation/sim_queries.go:107.26,108.36 1 0
github.com/newrelic/nri-postgresql/tests/simulation/sim_queries.go:108.36,111.5 2 0
github.com/newrelic/nri-postgresql/tests/simulation/sim_queries.go:115.2,115.13 1 0
github.com/newrelic/nri-postgresql/tests/simulation/sim_queries.go:118.82,126.2 6 0
github.com/newrelic/nri-postgresql/tests/simulation/sim_queries.go:128.60,130.40 2 0
github.com/newrelic/nri-postgresql/tests/simulation/sim_queries.go:130.40,132.3 1 0
github.com/newrelic/nri-postgresql/tests/simulation/sim_queries.go:135.64,137.38 2 0
github.com/newrelic/nri-postgresql/tests/simulation/sim_queries.go:137.38,139.3 1 0
github.com/newrelic/nri-postgresql/tests/simulation/sim_queries.go:142.75,148.12 3 0
github.com/newrelic/nri-postgresql/tests/simulation/sim_queries.go:148.12,150.3 1 0
github.com/newrelic/nri-postgresql/tests/simulation/sim_queries.go:153.2,158.30 3 0
github.com/newrelic/nri-postgresql/tests/simulation/sim_queries.go:161.69,180.12 11 0
github.com/newrelic/nri-postgresql/tests/simulation/sim_queries.go:180.12,184.17 3 0
github.com/newrelic/nri-postgresql/tests/simulation/sim_queries.go:184.17,187.4 2 0
github.com/newrelic/nri-postgresql/tests/simulation/sim_queries.go:188.3,191.33 2 0
github.com/newrelic/nri-postgresql/tests/simulation/sim_queries.go:196.2,197.14 2 0
github.com/newrelic/nri-postgresql/tests/simulation/sim_queries.go:200.31,209.2 1 0
github.com/newrelic/nri-postgresql/tests/simulation/sim_queries.go:211.29,315.2 1 0
github.com/newrelic/nri-postgresql/tests/simulation/sim_queries.go:320.3,334.2 1 0
github.com/newrelic/nri-postgresql/tests/simulation/sim_queries.go:339.3,359.2 1 0
github.com/newrelic/nri-postgresql/src/args/argument_list.go:45.41,46.44 1 6
github.com/newrelic/nri-postgresql/src/args/argument_list.go:46.44,48.3 1 2
github.com/newrelic/nri-postgresql/src/args/argument_list.go:49.2,49.41 1 4
github.com/newrelic/nri-postgresql/src/args/argument_list.go:49.41,51.3 1 1
github.com/newrelic/nri-postgresql/src/args/argument_list.go:52.2,52.12 1 3
github.com/newrelic/nri-postgresql/src/args/argument_list.go:55.44,56.18 1 4
github.com/newrelic/nri-postgresql/src/args/argument_list.go:56.18,57.65 1 3
github.com/newrelic/nri-postgresql/src/args/argument_list.go:57.65,59.4 1 1
github.com/newrelic/nri-postgresql/src/args/argument_list.go:61.3,61.58 1 2
github.com/newrelic/nri-postgresql/src/args/argument_list.go:61.58,63.4 1 2
github.com/newrelic/nri-postgresql/src/args/argument_list.go:66.2,66.12 1 3
github.com/newrelic/nri-postgresql/src/collection/collection.go:41.90,47.16 5 4
github.com/newrelic/nri-postgresql/src/collection/collection.go:47.16,49.3 1 0
github.com/newrelic/nri-postgresql/src/collection/collection.go:51.2,52.16 2 4
github.com/newrelic/nri-postgresql/src/collection/collection.go:52.16,54.3 1 0
github.com/newrelic/nri-postgresql/src/collection/collection.go:56.2,56.9 1 4
github.com/newrelic/nri-postgresql/src/collection/collection.go:57.51,58.57 1 1
github.com/newrelic/nri-postgresql/src/collection/collection.go:58.57,60.4 1 0
github.com/newrelic/nri-postgresql/src/collection/collection.go:62.65,63.39 1 1
github.com/newrelic/nri-postgresql/src/collection/collection.go:63.39,65.4 1 1
github.com/newrelic/nri-postgresql/src/collection/collection.go:67.66,67.66 0 2
github.com/newrelic/nri-postgresql/src/collection/collection.go:68.10,69.60 1 0
github.com/newrelic/nri-postgresql/src/collection/collection.go:72.2,72.23 1 4
github.com/newrelic/nri-postgresql/src/collection/collection.go:72.23,73.113 1 3
github.com/newrelic/nri-postgresql/src/collection/collection.go:73.113,75.4 1 0
github.com/newrelic/nri-postgresql/src/collection/collection.go:78.2,78.20 1 4
github.com/newrelic/nri-postgresql/src/collection/collection.go:81.55,85.16 3 8
github.com/newrelic/nri-postgresql/src/collection/collection.go:85.16,87.3 1 4
github.com/newrelic/nri-postgresql/src/collection/collection.go:89.2,89.67 1 4
github.com/newrelic/nri-postgresql/src/collection/collection.go:89.67,91.3 1 0
github.com/newrelic/nri-postgresql/src/collection/collection.go:93.2,93.35 1 4
github.com/newrelic/nri-postgresql/src/collection/collection.go:93.35,95.3 1 4
github.com/newrelic/nri-postgresql/src/collection/collection.go:97.2,97.23 1 4
github.com/newrelic/nri-postgresql/src/collection/collection.go:100.64,102.16 2 1
github.com/newrelic/nri-postgresql/src/collection/collection.go:102.16,104.3 1 0
github.com/newrelic/nri-postgresql/src/collection/collection.go:105.2,111.16 4 1
github.com/newrelic/nri-postgresql/src/collection/collection.go:111.16,113.3 1 0
github.com/newrelic/nri-postgresql/src/collection/collection.go:115.2,116.37 2 1
github.com/newrelic/nri-postgresql/src/collection/collection.go:116.37,117.34 1 2
github.com/newrelic/nri-postgresql/src/collection/collection.go:117.34,119.4 1 2
github.com/newrelic/nri-postgresql/src/collection/collection.go:122.2,122.27 1 1
github.com/newrelic/nri-postgresql/src/collection/collection.go:125.145,127.29 2 3
github.com/newrelic/nri-postgresql/src/collection/collection.go:127.29,128.36 1 6
github.com/newrelic/nri-postgresql/src/collection/collection.go:128.36,129.12 1 2
github.com/newrelic/nri-postgresql/src/collection/collection.go:132.3,133.17 2 4
github.com/newrelic/nri-postgresql/src/collection/collection.go:133.17,135.12 2 0
github.com/newrelic/nri-postgresql/src/collection/collection.go:137.3,140.17 3 4
github.com/newrelic/nri-postgresql/src/collection/collection.go:140.17,142.12 2 0
github.com/newrelic/nri-postgresql/src/collection/collection.go:145.3,145.32 1 4
github.com/newrelic/nri-postgresql/src/collection/collection.go:147.2,147.28 1 3
github.com/newrelic/nri-postgresql/src/collection/collection.go:147.28,149.3 1 0
github.com/newrelic/nri-postgresql/src/collection/collection.go:151.2,151.26 1 3
github.com/newrelic/nri-postgresql/src/collection/collection.go:154.114,163.16 4 6
github.com/newrelic/nri-postgresql/src/collection/collection.go:163.16,165.3 1 0
github.com/newrelic/nri-postgresql/src/collection/collection.go:167.2,167.36 1 6
github.com/newrelic/nri-postgresql/src/collection/collection.go:167.36,168.52 1 8
github.com/newrelic/nri-postgresql/src/collection/collection.go:168.52,169.27 1 0
github.com/newrelic/nri-postgresql/src/collection/collection.go:169.27,171.5 1 0
github.com/newrelic/nri-postgresql/src/collection/collection.go:171.10,173.5 1 0
github.com/newrelic/nri-postgresql/src/collection/collection.go:174.4,174.12 1 0
github.com/newrelic/nri-postgresql/src/collection/collection.go:177.3,177.57 1 8
github.com/newrelic/nri-postgresql/src/collection/collection.go:177.57,178.12 1 1
github.com/newrelic/nri-postgresql/src/collection/collection.go:181.3,181.54 1 7
github.com/newrelic/nri-postgresql/src/collection/collection.go:181.54,183.4 1 7
github.com/newrelic/nri-postgresql/src/collection/collection.go:185.3,185.76 1 7
github.com/newrelic/nri-postgresql/src/collection/collection.go:185.76,187.4 1 7
github.com/newrelic/nri-postgresql/src/collection/collection.go:189.3,189.26 1 7
github.com/newrelic/nri-postgresql/src/collection/collection.go:189.26,191.4 1 5
github.com/newrelic/nri-postgresql/src/collection/collection.go:194.2,194.24 1 6
github.com/newrelic/nri-postgresql/src/availability/availability.go:30.102,37.16 5 7
github.com/newrelic/nri-postgresql/src/availability/availability.go:37.16,41.41 2 4
github.com/newrelic/nri-postgresql/src/availability/availability.go:41.41,43.4 1 0
github.com/newrelic/nri-postgresql/src/availability/availability.go:43.9,45.4 1 4
github.com/newrelic/nri-postgresql/src/availability/availability.go:46.3,46.16 1 4
github.com/newrelic/nri-postgresql/src/availability/availability.go:48.2,51.41 3 3
github.com/newrelic/nri-postgresql/src/availability/availability.go:51.41,54.3 2 0
github.com/newrelic/nri-postgresql/src/availability/availability.go:56.2,56.15 1 3
github.com/newrelic/nri-postgresql/src/connection/pgsql_connection.go:63.56,79.2 1 5
github.com/newrelic/nri-postgresql/src/connection/pgsql_connection.go:86.84,95.16 4 0
github.com/newrelic/nri-postgresql/src/connection/pgsql_connection.go:95.16,97.3 1 0
github.com/newrelic/nri-postgresql/src/connection/pgsql_connection.go:99.2,99.32 1 0
github.com/newrelic/nri-postgresql/src/connection/pgsql_connection.go:99.32,103.3 3 0
github.com/newrelic/nri-postgresql/src/connection/pgsql_connection.go:109.2,111.20 2 0
github.com/newrelic/nri-postgresql/src/connection/pgsql_connection.go:114.55,116.2 1 0
github.com/newrelic/nri-postgresql/src/connection/pgsql_connection.go:118.49,120.2 1 0
github.com/newrelic/nri-postgresql/src/connection/pgsql_connection.go:125.39,127.2 1 0
github.com/newrelic/nri-postgresql/src/connection/pgsql_connection.go:130.34,131.45 1 1
github.com/newrelic/nri-postgresql/src/connection/pgsql_connection.go:131.45,133.3 1 1
github.com/newrelic/nri-postgresql/src/connection/pgsql_connection.go:138.67,139.47 1 5
github.com/newrelic/nri-postgresql/src/connection/pgsql_connection.go:139.47,141.3 1 0
github.com/newrelic/nri-postgresql/src/connection/pgsql_connection.go:142.2,142.38 1 5
github.com/newrelic/nri-postgresql/src/connection/pgsql_connection.go:147.73,148.47 1 0
github.com/newrelic/nri-postgresql/src/connection/pgsql_connection.go:148.47,150.3 1 0
github.com/newrelic/nri-postgresql/src/connection/pgsql_connection.go:151.2,151.47 1 0
github.com/newrelic/nri-postgresql/src/connection/pgsql_connection.go:155.67,156.47 1 0
github.com/newrelic/nri-postgresql/src/connection/pgsql_connection.go:156.47,161.3 4 0
github.com/newrelic/nri-postgresql/src/connection/pgsql_connection.go:162.2,162.35 1 0
github.com/newrelic/nri-postgresql/src/connection/pgsql_connection.go:168.95,169.47 1 0
github.com/newrelic/nri-postgresql/src/connection/pgsql_connection.go:169.47,174.3 4 0
github.com/newrelic/nri-postgresql/src/connection/pgsql_connection.go:175.2,175.47 1 0
github.com/newrelic/nri-postgresql/src/connection/pgsql_connection.go:185.62,187.65 2 4
github.com/newrelic/nri-postgresql/src/connection/pgsql_connection.go:187.65,190.3 2 1
github.com/newrelic/nri-postgresql/src/connection/pgsql_connection.go:192.2,193.36 2 3
github.com/newrelic/nri-postgresql/src/connection/pgsql_connection.go:193.36,194.53 1 3
github.com/newrelic/nri-postgresql/src/connection/pgsql_connection.go:194.53,196.4 1 3
github.com/newrelic/nri-postgresql/src/connection/pgsql_connection.go:198.3,198.30 1 3
github.com/newrelic/nri-postgresql/src/connection/pgsql_connection.go:198.30,200.4 1 3
github.com/newrelic/nri-postgresql/src/connection/pgsql_connection.go:203.2,203.27 1 3
github.com/newrelic/nri-postgresql/src/connection/pgsql_connection.go:208.87,210.16 2 4
github.com/newrelic/nri-postgresql/src/connection/pgsql_connection.go:210.16,212.3 1 1
github.com/newrelic/nri-postgresql/src/connection/pgsql_connection.go:214.2,214.45 1 3
github.com/newrelic/nri-postgresql/src/connection/pgsql_connection.go:214.45,216.3 1 1
github.com/newrelic/nri-postgresql/src/connection/pgsql_connection.go:218.2,218.57 1 2
github.com/newrelic/nri-postgresql/src/connection/pgsql_connection.go:218.57,220.3 1 1
github.com/newrelic/nri-postgresql/src/connection/pgsql_connection.go:222.2,222.13 1 1
github.com/newrelic/nri-postgresql/src/connection/pgsql_connection.go:227.70,239.18 4 5
github.com/newrelic/nri-postgresql/src/connection/pgsql_connection.go:239.18,241.3 1 4
github.com/newrelic/nri-postgresql/src/connection/pgsql_connection.go:241.8,243.3 1 1
github.com/newrelic/nri-postgresql/src/connection/pgsql_connection.go:245.2,246.31 2 5
github.com/newrelic/nri-postgresql/src/connection/pgsql_connection.go:250.58,251.30 1 4
github.com/newrelic/nri-postgresql/src/connection/pgsql_connection.go:251.30,253.3 1 4
github.com/newrelic/nri-postgresql/src/connection/pgsql_connection.go:254.2,254.29 1 4
github.com/newrelic/nri-postgresql/src/connection/pgsql_connection.go:254.29,256.3 1 4
github.com/newrelic/nri-postgresql/src/connection/pgsql_connection.go:258.2,258.31 1 4
github.com/newrelic/nri-postgresql/src/connection/pgsql_connection.go:258.31,260.3 1 2
github.com/newrelic/nri-postgresql/src/connection/pgsql_connection.go:260.8,263.3 2 2
github.com/newrelic/nri-postgresql/src/connection/pgsql_connection_mock.go:12.79,14.16 2 12
github.com/newrelic/nri-postgresql/src/connection/pgsql_connection_mock.go:14.16,17.3 2 0
github.com/newrelic/nri-postgresql/src/connection/pgsql_connection_mock.go:19.2,24.8 2 12
github.com/newrelic/nri-postgresql/src/connection/pgsql_connection_mock.go:33.49,35.2 1 0
github.com/newrelic/nri-postgresql/src/connection/pgsql_connection_mock.go:38.43,40.2 1 0
github.com/newrelic/nri-postgresql/src/connection/pgsql_connection_mock.go:43.78,46.2 2 0
github.com/newrelic/nri-postgresql/src/connection/query_telemetry.go:39.46,41.2 1 27
github.com/newrelic/nri-postgresql/src/connection/query_telemetry.go:45.44,46.61 1 11
github.com/newrelic/nri-postgresql/src/connection/query_telemetry.go:46.61,48.3 1 4
github.com/newrelic/nri-postgresql/src/connection/query_telemetry.go:50.2,51.21 2 7
github.com/newrelic/nri-postgresql/src/connection/query_telemetry.go:51.21,53.3 1 1
github.com/newrelic/nri-postgresql/src/connection/query_telemetry.go:54.2,54.21 1 6
github.com/newrelic/nri-postgresql/src/connection/query_telemetry.go:54.21,56.3 1 1
github.com/newrelic/nri-postgresql/src/connection/query_telemetry.go:57.2,57.51 1 5
github.com/newrelic/nri-postgresql/src/connection/query_telemetry.go:68.42,70.2 1 1
github.com/newrelic/nri-postgresql/src/connection/query_telemetry.go:74.54,75.16 1 24
github.com/newrelic/nri-postgresql/src/connection/query_telemetry.go:75.16,77.3 1 1
github.com/newrelic/nri-postgresql/src/connection/query_telemetry.go:80.2,81.25 2 23
github.com/newrelic/nri-postgresql/src/connection/query_telemetry.go:81.25,83.3 1 2
github.com/newrelic/nri-postgresql/src/connection/query_telemetry.go:85.2,88.82 2 21
github.com/newrelic/nri-postgresql/src/connection/query_telemetry.go:88.82,90.3 1 2
github.com/newrelic/nri-postgresql/src/connection/query_telemetry.go:93.2,94.28 2 19
github.com/newrelic/nri-postgresql/src/connection/query_telemetry.go:94.28,96.22 2 2
github.com/newrelic/nri-postgresql/src/connection/query_telemetry.go:96.22,98.4 1 2
github.com/newrelic/nri-postgresql/src/connection/query_telemetry.go:99.3,99.58 1 2
github.com/newrelic/nri-postgresql/src/connection/query_telemetry.go:103.2,104.29 2 17
github.com/newrelic/nri-postgresql/src/connection/query_telemetry.go:104.29,105.23 1 2
github.com/newrelic/nri-postgresql/src/connection/query_telemetry.go:105.23,107.4 1 1
github.com/newrelic/nri-postgresql/src/connection/query_telemetry.go:110.2,111.9 2 16
github.com/newrelic/nri-postgresql/src/connection/query_telemetry.go:112.53,113.39 1 5
github.com/newrelic/nri-postgresql/src/connection/query_telemetry.go:114.38,115.45 1 2
github.com/newrelic/nri-postgresql/src/connection/query_telemetry.go:116.51,117.37 1 1
github.com/newrelic/nri-postgresql/src/connection/query_telemetry.go:119.69,120.42 1 3
github.com/newrelic/nri-postgresql/src/connection/query_telemetry.go:121.85,122.31 1 2
github.com/newrelic/nri-postgresql/src/connection/query_telemetry.go:123.80,124.30 1 2
github.com/newrelic/nri-postgresql/src/connection/query_telemetry.go:125.10,126.34 1 1
github.com/newrelic/nri-postgresql/src/connection/query_telemetry.go:137.102,138.16 1 60
github.com/newrelic/nri-postgresql/src/connection/query_telemetry.go:138.16,140.3 1 1
github.com/newrelic/nri-postgresql/src/connection/query_telemetry.go:141.2,146.16 2 59
github.com/newrelic/nri-postgresql/src/connection/query_telemetry.go:146.16,149.3 2 3
github.com/newrelic/nri-postgresql/src/connection/query_telemetry.go:150.2,152.15 3 59
github.com/newrelic/nri-postgresql/src/connection/query_telemetry.go:156.62,162.2 5 7
github.com/newrelic/nri-postgresql/src/connection/query_telemetry.go:165.74,170.2 4 2
github.com/newrelic/nri-postgresql/src/connection/query_telemetry.go:173.80,178.2 4 2
github.com/newrelic/nri-postgresql/src/connection/timing.go:30.113,31.75 1 4
github.com/newrelic/nri-postgresql/src/connection/timing.go:31.75,33.17 2 4
github.com/newrelic/nri-postgresql/src/connection/timing.go:33.17,35.4 1 1
github.com/newrelic/nri-postgresql/src/connection/timing.go:38.3,42.17 5 3
github.com/newrelic/nri-postgresql/src/connection/timing.go:42.17,44.4 1 0
github.com/newrelic/nri-postgresql/src/connection/timing.go:45.3,45.22 1 3
github.com/newrelic/nri-postgresql/src/connection/timing.go:45.22,47.4 1 0
github.com/newrelic/nri-postgresql/src/connection/timing.go:50.3,56.19 7 3
github.com/newrelic/nri-postgresql/src/connection/timing.go:64.77,67.36 2 0
github.com/newrelic/nri-postgresql/src/connection/timing.go:67.36,69.3 1 0
github.com/newrelic/nri-postgresql/src/connection/timing.go:75.79,77.66 2 3
github.com/newrelic/nri-postgresql/src/connection/timing.go:77.66,78.38 1 3
github.com/newrelic/nri-postgresql/src/connection/timing.go:78.38,80.4 1 2
github.com/newrelic/nri-postgresql/src/connection/timing.go:81.3,81.24 1 3
github.com/newrelic/nri-postgresql/src/connection/timing.go:81.24,83.4 1 1
github.com/newrelic/nri-postgresql/src/connection/timing.go:84.3,84.13 1 2
github.com/newrelic/nri-postgresql/src/connection/timing.go:88.36,90.2 1 71
github.com/newrelic/nri-postgresql/src/inventory/inventory.go:21.92,23.67 2 1
github.com/newrelic/nri-postgresql/src/inventory/inventory.go:23.67,25.3 1 0
github.com/newrelic/nri-postgresql/src/inventory/inventory.go:27.2,27.33 1 1
github.com/newrelic/nri-postgresql/src/inventory/inventory.go:27.33,31.3 3 2
github.com/newrelic/nri-postgresql/src/inventory/inventory.go:34.37,35.16 1 6
github.com/newrelic/nri-postgresql/src/inventory/inventory.go:35.16,37.3 1 0
github.com/newrelic/nri-postgresql/src/metrics/database_definitions.go:8.113,10.25 2 5
github.com/newrelic/nri-postgresql/src/metrics/database_definitions.go:10.25,12.3 1 0
github.com/newrelic/nri-postgresql/src/metrics/database_definitions.go:14.2,17.21 3 5
github.com/newrelic/nri-postgresql/src/metrics/database_definitions.go:17.21,19.3 1 2
github.com/newrelic/nri-postgresql/src/metrics/database_definitions.go:19.8,21.3 1 3
github.com/newrelic/nri-postgresql/src/metrics/database_definitions.go:23.2,23.21 1 5
github.com/newrelic/nri-postgresql/src/metrics/database_definitions.go:23.21,25.3 1 2
github.com/newrelic/nri-postgresql/src/metrics/database_definitions.go:27.2,27.25 1 5
github.com/newrelic/nri-postgresql/src/metrics/index_definitions.go:7.84,9.77 2 4
github.com/newrelic/nri-postgresql/src/metrics/index_definitions.go:9.77,11.3 1 3
github.com/newrelic/nri-postgresql/src/metrics/index_definitions.go:13.2,13.25 1 4
github.com/newrelic/nri-postgresql/src/metrics/instance_definitions.go:38.78,40.48 1 10
github.com/newrelic/nri-postgresql/src/metrics/instance_definitions.go:40.48,41.40 1 22
github.com/newrelic/nri-postgresql/src/metrics/instance_definitions.go:41.40,43.4 1 7
github.com/newrelic/nri-postgresql/src/metrics/instance_definitions.go:46.2,46.51 1 3
github.com/newrelic/nri-postgresql/src/metrics/lock_definitions.go:7.84,9.25 2 1
github.com/newrelic/nri-postgresql/src/metrics/lock_definitions.go:9.25,11.3 1 0
github.com/newrelic/nri-postgresql/src/metrics/lock_definitions.go:13.2,15.25 2 1
github.com/newrelic/nri-postgresql/src/metrics/metric_types.go:18.45,20.2 1 25
github.com/newrelic/nri-postgresql/src/metrics/metric_types.go:23.55,26.2 2 24
github.com/newrelic/nri-postgresql/src/metrics/metric_types.go:28.99,30.34 2 9
github.com/newrelic/nri-postgresql/src/metrics/metric_types.go:30.34,32.3 1 10
github.com/newrelic/nri-postgresql/src/metrics/metric_types.go:34.2,34.25 1 9
github.com/newrelic/nri-postgresql/src/metrics/metric_types.go:34.25,36.3 1 0
github.com/newrelic/nri-postgresql/src/metrics/metric_types.go:38.2,45.17 3 9
github.com/newrelic/nri-postgresql/src/metrics/metric_types.go:48.97,50.44 2 6
github.com/newrelic/nri-postgresql/src/metrics/metric_types.go:50.44,51.32 1 6
github.com/newrelic/nri-postgresql/src/metrics/metric_types.go:51.32,53.4 1 4
github.com/newrelic/nri-postgresql/src/metrics/metric_types.go:56.2,56.28 1 6
github.com/newrelic/nri-postgresql/src/metrics/metric_types.go:56.28,58.3 1 2
github.com/newrelic/nri-postgresql/src/metrics/metric_types.go:60.2,67.20 3 4
github.com/newrelic/nri-postgresql/src/metrics/metric_types.go:70.103,72.44 2 4
github.com/newrelic/nri-postgresql/src/metrics/metric_types.go:72.44,73.43 1 4
github.com/newrelic/nri-postgresql/src/metrics/metric_types.go:73.43,74.36 1 4
github.com/newrelic/nri-postgresql/src/metrics/metric_types.go:74.36,76.5 1 3
github.com/newrelic/nri-postgresql/src/metrics/metric_types.go:80.2,80.34 1 4
github.com/newrelic/nri-postgresql/src/metrics/metric_types.go:80.34,82.3 1 1
github.com/newrelic/nri-postgresql/src/metrics/metric_types.go:84.2,91.20 3 3
github.com/newrelic/nri-postgresql/src/metrics/metrics.go:46.27,50.16 2 2
github.com/newrelic/nri-postgresql/src/metrics/metrics.go:50.16,58.34 3 1
github.com/newrelic/nri-postgresql/src/metrics/metrics.go:58.34,60.15 2 1
github.com/newrelic/nri-postgresql/src/metrics/metrics.go:60.15,62.5 1 0
github.com/newrelic/nri-postgresql/src/metrics/metrics.go:63.4,69.6 2 1
github.com/newrelic/nri-postgresql/src/metrics/metrics.go:71.3,71.9 1 1
github.com/newrelic/nri-postgresql/src/metrics/metrics.go:73.2,83.33 4 1
github.com/newrelic/nri-postgresql/src/metrics/metrics.go:83.33,85.14 2 0
github.com/newrelic/nri-postgresql/src/metrics/metrics.go:85.14,87.4 1 0
github.com/newrelic/nri-postgresql/src/metrics/metrics.go:88.3,89.21 2 0
github.com/newrelic/nri-postgresql/src/metrics/metrics.go:89.21,91.4 1 0
github.com/newrelic/nri-postgresql/src/metrics/metrics.go:92.3,99.32 4 0
github.com/newrelic/nri-postgresql/src/metrics/metrics.go:99.32,101.4 1 0
github.com/newrelic/nri-postgresql/src/metrics/metrics.go:102.8,102.40 1 1
github.com/newrelic/nri-postgresql/src/metrics/metrics.go:102.40,105.3 1 0
github.com/newrelic/nri-postgresql/src/metrics/metrics.go:109.2,111.27 2 1
github.com/newrelic/nri-postgresql/src/metrics/metrics.go:111.27,113.3 1 0
github.com/newrelic/nri-postgresql/src/metrics/metrics.go:115.2,116.16 2 1
github.com/newrelic/nri-postgresql/src/metrics/metrics.go:116.16,119.3 2 0
github.com/newrelic/nri-postgresql/src/metrics/metrics.go:121.2,123.20 3 1
github.com/newrelic/nri-postgresql/src/metrics/metrics.go:123.20,125.3 1 1
github.com/newrelic/nri-postgresql/src/metrics/metrics.go:126.2,128.30 3 1
github.com/newrelic/nri-postgresql/src/metrics/metrics.go:128.30,130.3 1 0
github.com/newrelic/nri-postgresql/src/metrics/metrics.go:133.2,133.31 1 1
github.com/newrelic/nri-postgresql/src/metrics/metrics.go:133.31,135.3 1 0
github.com/newrelic/nri-postgresql/src/metrics/metrics.go:137.2,137.22 1 1
github.com/newrelic/nri-postgresql/src/metrics/metrics.go:137.22,139.20 2 1
github.com/newrelic/nri-postgresql/src/metrics/metrics.go:139.20,141.4 1 0
github.com/newrelic/nri-postgresql/src/metrics/metrics.go:141.9,144.33 3 1
github.com/newrelic/nri-postgresql/src/metrics/metrics.go:144.33,146.5 1 0
github.com/newrelic/nri-postgresql/src/metrics/metrics.go:152.76,157.2 1 16
github.com/newrelic/nri-postgresql/src/metrics/metrics.go:161.112,166.20 4 7
github.com/newrelic/nri-postgresql/src/metrics/metrics.go:166.20,172.3 5 3
github.com/newrelic/nri-postgresql/src/metrics/metrics.go:172.8,174.3 1 4
github.com/newrelic/nri-postgresql/src/metrics/metrics.go:175.2,177.37 2 7
github.com/newrelic/nri-postgresql/src/metrics/metrics.go:177.37,180.36 3 2
github.com/newrelic/nri-postgresql/src/metrics/metrics.go:180.36,182.4 1 1
github.com/newrelic/nri-postgresql/src/metrics/metrics.go:188.98,194.22 5 4
github.com/newrelic/nri-postgresql/src/metrics/metrics.go:194.22,196.3 1 2
github.com/newrelic/nri-postgresql/src/metrics/metrics.go:196.8,198.3 1 2
github.com/newrelic/nri-postgresql/src/metrics/metrics.go:199.2,203.28 5 4
github.com/newrelic/nri-postgresql/src/metrics/metrics.go:203.28,206.3 2 2
github.com/newrelic/nri-postgresql/src/metrics/metrics.go:211.100,213.28 2 5
github.com/newrelic/nri-postgresql/src/metrics/metrics.go:213.28,222.17 5 5
github.com/newrelic/nri-postgresql/src/metrics/metrics.go:222.17,224.4 1 2
github.com/newrelic/nri-postgresql/src/metrics/metrics.go:225.3,226.24 2 5
github.com/newrelic/nri-postgresql/src/metrics/metrics.go:226.24,229.4 2 2
github.com/newrelic/nri-postgresql/src/metrics/metrics.go:233.57,234.62 1 41
github.com/newrelic/nri-postgresql/src/metrics/metrics.go:234.62,236.3 1 0
github.com/newrelic/nri-postgresql/src/metrics/metrics.go:239.53,240.66 1 18
github.com/newrelic/nri-postgresql/src/metrics/metrics.go:240.66,242.3 1 0
github.com/newrelic/nri-postgresql/src/metrics/metrics.go:246.117,248.16 2 1
github.com/newrelic/nri-postgresql/src/metrics/metrics.go:248.16,251.3 2 0
github.com/newrelic/nri-postgresql/src/metrics/metrics.go:253.2,255.16 3 1
github.com/newrelic/nri-postgresql/src/metrics/metrics.go:255.16,258.3 2 0
github.com/newrelic/nri-postgresql/src/metrics/metrics.go:261.2,263.44 3 1
github.com/newrelic/nri-postgresql/src/metrics/metrics.go:263.44,266.36 3 1
github.com/newrelic/nri-postgresql/src/metrics/metrics.go:266.36,268.17 2 1
github.com/newrelic/nri-postgresql/src/metrics/metrics.go:268.17,270.5 1 1
github.com/newrelic/nri-postgresql/src/metrics/metrics.go:272.4,272.49 1 1
github.com/newrelic/nri-postgresql/src/metrics/metrics.go:275.2,275.11 1 1
github.com/newrelic/nri-postgresql/src/metrics/metrics.go:279.111,280.26 1 1
github.com/newrelic/nri-postgresql/src/metrics/metrics.go:280.26,281.25 1 1
github.com/newrelic/nri-postgresql/src/metrics/metrics.go:281.25,283.4 1 1
github.com/newrelic/nri-postgresql/src/metrics/metrics.go:284.3,284.22 1 0
github.com/newrelic/nri-postgresql/src/metrics/metrics.go:287.2,288.16 2 1
github.com/newrelic/nri-postgresql/src/metrics/metrics.go:288.16,291.3 2 0
github.com/newrelic/nri-postgresql/src/metrics/metrics.go:292.2,295.16 3 1
github.com/newrelic/nri-postgresql/src/metrics/metrics.go:295.16,298.3 2 0
github.com/newrelic/nri-postgresql/src/metrics/metrics.go:299.2,299.15 1 1
github.com/newrelic/nri-postgresql/src/metrics/metrics.go:299.15,301.3 1 1
github.com/newrelic/nri-postgresql/src/metrics/metrics.go:303.2,307.16 5 1
github.com/newrelic/nri-postgresql/src/metrics/metrics.go:307.16,309.3 1 0
github.com/newrelic/nri-postgresql/src/metrics/metrics.go:311.2,311.30 1 1
github.com/newrelic/nri-postgresql/src/metrics/metrics.go:311.30,312.27 1 1
github.com/newrelic/nri-postgresql/src/metrics/metrics.go:312.27,314.4 1 1
github.com/newrelic/nri-postgresql/src/metrics/metrics.go:315.3,315.24 1 0
github.com/newrelic/nri-postgresql/src/metrics/metrics.go:318.2,318.18 1 1
github.com/newrelic/nri-postgresql/src/metrics/metrics.go:318.18,321.17 3 1
github.com/newrelic/nri-postgresql/src/metrics/metrics.go:321.17,324.4 2 0
github.com/newrelic/nri-postgresql/src/metrics/metrics.go:326.3,330.25 2 1
github.com/newrelic/nri-postgresql/src/metrics/metrics.go:330.25,332.43 2 3
github.com/newrelic/nri-postgresql/src/metrics/metrics.go:332.43,334.12 2 3
github.com/newrelic/nri-postgresql/src/metrics/metrics.go:334.12,336.6 1 3
github.com/newrelic/nri-postgresql/src/metrics/metrics.go:337.5,337.32 1 0
github.com/newrelic/nri-postgresql/src/metrics/metrics.go:340.4,341.18 2 3
github.com/newrelic/nri-postgresql/src/metrics/metrics.go:341.18,343.5 1 0
github.com/newrelic/nri-postgresql/src/metrics/metrics.go:348.49,349.25 1 3
github.com/newrelic/nri-postgresql/src/metrics/metrics.go:350.51,351.11 1 3
github.com/newrelic/nri-postgresql/src/metrics/metrics.go:352.14,353.19 1 0
github.com/newrelic/nri-postgresql/src/metrics/metrics.go:354.10,355.30 1 0
github.com/newrelic/nri-postgresql/src/metrics/metrics.go:359.57,360.20 1 3
github.com/newrelic/nri-postgresql/src/metrics/metrics.go:361.14,362.26 1 1
github.com/newrelic/nri-postgresql/src/metrics/metrics.go:363.43,364.22 1 2
github.com/newrelic/nri-postgresql/src/metrics/metrics.go:365.10,366.26 1 0
github.com/newrelic/nri-postgresql/src/metrics/metrics.go:372.77,375.16 3 0
github.com/newrelic/nri-postgresql/src/metrics/metrics.go:375.16,377.3 1 0
github.com/newrelic/nri-postgresql/src/metrics/metrics.go:379.2,380.16 2 0
github.com/newrelic/nri-postgresql/src/metrics/metrics.go:380.16,382.3 1 0
github.com/newrelic/nri-postgresql/src/metrics/metrics.go:384.2,385.12 2 0
github.com/newrelic/nri-postgresql/src/metrics/metrics.go:403.86,405.69 2 6
github.com/newrelic/nri-postgresql/src/metrics/metrics.go:405.69,407.3 1 0
github.com/newrelic/nri-postgresql/src/metrics/metrics.go:409.2,420.16 4 6
github.com/newrelic/nri-postgresql/src/metrics/metrics.go:420.16,422.3 1 1
github.com/newrelic/nri-postgresql/src/metrics/metrics.go:424.2,424.16 1 5
github.com/newrelic/nri-postgresql/src/metrics/metrics.go:439.131,445.64 2 3
github.com/newrelic/nri-postgresql/src/metrics/metrics.go:445.64,447.75 2 5
github.com/newrelic/nri-postgresql/src/metrics/metrics.go:447.75,449.12 2 3
github.com/newrelic/nri-postgresql/src/metrics/metrics.go:452.3,455.20 2 2
github.com/newrelic/nri-postgresql/src/metrics/metrics.go:455.20,457.12 2 1
github.com/newrelic/nri-postgresql/src/metrics/metrics.go:460.3,462.17 3 1
github.com/newrelic/nri-postgresql/src/metrics/metrics.go:462.17,464.4 1 0
github.com/newrelic/nri-postgresql/src/metrics/metrics.go:469.190,472.2 2 2
github.com/newrelic/nri-postgresql/src/metrics/metrics.go:475.194,476.62 1 3
github.com/newrelic/nri-postgresql/src/metrics/metrics.go:476.62,483.3 6 2
github.com/newrelic/nri-postgresql/src/metrics/metrics.go:485.2,487.76 2 1
github.com/newrelic/nri-postgresql/src/metrics/metrics.go:490.165,491.39 1 3
github.com/newrelic/nri-postgresql/src/metrics/metrics.go:491.39,494.75 2 4
github.com/newrelic/nri-postgresql/src/metrics/metrics.go:494.75,496.12 2 2
github.com/newrelic/nri-postgresql/src/metrics/metrics.go:500.3,501.32 2 2
github.com/newrelic/nri-postgresql/src/metrics/metrics.go:501.32,504.18 3 2
github.com/newrelic/nri-postgresql/src/metrics/metrics.go:504.18,506.5 1 0
github.com/newrelic/nri-postgresql/src/metrics/metrics.go:508.4,512.18 5 2
github.com/newrelic/nri-postgresql/src/metrics/metrics.go:512.18,514.5 1 0
github.com/newrelic/nri-postgresql/src/metrics/metrics.go:515.4,520.55 2 2
github.com/newrelic/nri-postgresql/src/metrics/metrics.go:520.55,522.5 1 0
github.com/newrelic/nri-postgresql/src/metrics/metrics.go:529.166,530.46 1 1
github.com/newrelic/nri-postgresql/src/metrics/metrics.go:530.46,531.27 1 1
github.com/newrelic/nri-postgresql/src/metrics/metrics.go:531.27,533.4 1 0
github.com/newrelic/nri-postgresql/src/metrics/metrics.go:536.3,537.17 2 1
github.com/newrelic/nri-postgresql/src/metrics/metrics.go:537.17,539.12 2 0
github.com/newrelic/nri-postgresql/src/metrics/metrics.go:541.3,542.93 2 1
github.com/newrelic/nri-postgresql/src/metrics/metrics.go:546.209,550.46 2 3
github.com/newrelic/nri-postgresql/src/metrics/metrics.go:550.46,553.70 2 3
github.com/newrelic/nri-postgresql/src/metrics/metrics.go:553.70,556.4 2 1
github.com/newrelic/nri-postgresql/src/metrics/metrics.go:559.3,560.32 2 2
github.com/newrelic/nri-postgresql/src/metrics/metrics.go:560.32,563.18 3 2
github.com/newrelic/nri-postgresql/src/metrics/metrics.go:563.18,565.5 1 0
github.com/newrelic/nri-postgresql/src/metrics/metrics.go:566.4,567.18 2 2
github.com/newrelic/nri-postgresql/src/metrics/metrics.go:567.18,569.5 1 0
github.com/newrelic/nri-postgresql/src/metrics/metrics.go:570.4,571.18 2 2
github.com/newrelic/nri-postgresql/src/metrics/metrics.go:571.18,573.5 1 0
github.com/newrelic/nri-postgresql/src/metrics/metrics.go:575.4,581.18 7 2
github.com/newrelic/nri-postgresql/src/metrics/metrics.go:581.18,583.5 1 0
github.com/newrelic/nri-postgresql/src/metrics/metrics.go:584.4,591.56 2 2
github.com/newrelic/nri-postgresql/src/metrics/metrics.go:591.56,593.5 1 0
github.com/newrelic/nri-postgresql/src/metrics/metrics.go:600.122,601.46 1 1
github.com/newrelic/nri-postgresql/src/metrics/metrics.go:601.46,603.17 2 1
github.com/newrelic/nri-postgresql/src/metrics/metrics.go:603.17,605.12 2 0
github.com/newrelic/nri-postgresql/src/metrics/metrics.go:607.3,608.70 2 1
github.com/newrelic/nri-postgresql/src/metrics/metrics.go:612.165,615.46 2 4
github.com/newrelic/nri-postgresql/src/metrics/metrics.go:615.46,619.70 2 3
github.com/newrelic/nri-postgresql/src/metrics/metrics.go:619.70,622.4 2 1
github.com/newrelic/nri-postgresql/src/metrics/metrics.go:625.3,626.32 2 2
github.com/newrelic/nri-postgresql/src/metrics/metrics.go:626.32,629.18 3 2
github.com/newrelic/nri-postgresql/src/metrics/metrics.go:629.18,631.5 1 0
github.com/newrelic/nri-postgresql/src/metrics/metrics.go:632.4,633.18 2 2
github.com/newrelic/nri-postgresql/src/metrics/metrics.go:633.18,635.5 1 0
github.com/newrelic/nri-postgresql/src/metrics/metrics.go:636.4,637.18 2 2
github.com/newrelic/nri-postgresql/src/metrics/metrics.go:637.18,639.5 1 0
github.com/newrelic/nri-postgresql/src/metrics/metrics.go:640.4,641.18 2 2
github.com/newrelic/nri-postgresql/src/metrics/metrics.go:641.18,643.5 1 0
github.com/newrelic/nri-postgresql/src/metrics/metrics.go:645.4,652.18 8 2
github.com/newrelic/nri-postgresql/src/metrics/metrics.go:652.18,654.5 1 0
github.com/newrelic/nri-postgresql/src/metrics/metrics.go:655.4,663.56 2 2
github.com/newrelic/nri-postgresql/src/metrics/metrics.go:663.56,665.5 1 0
github.com/newrelic/nri-postgresql/src/metrics/metrics.go:673.124,676.43 2 5
github.com/newrelic/nri-postgresql/src/metrics/metrics.go:676.43,679.76 2 9
github.com/newrelic/nri-postgresql/src/metrics/metrics.go:679.76,682.4 2 1
github.com/newrelic/nri-postgresql/src/metrics/metrics.go:685.3,686.32 2 8
github.com/newrelic/nri-postgresql/src/metrics/metrics.go:686.32,689.18 3 8
github.com/newrelic/nri-postgresql/src/metrics/metrics.go:689.18,691.13 2 0
github.com/newrelic/nri-postgresql/src/metrics/metrics.go:694.4,698.18 5 8
github.com/newrelic/nri-postgresql/src/metrics/metrics.go:698.18,700.5 1 0
github.com/newrelic/nri-postgresql/src/metrics/metrics.go:701.4,707.55 2 8
github.com/newrelic/nri-postgresql/src/metrics/metrics.go:707.55,709.5 1 0
github.com/newrelic/nri-postgresql/src/metrics/metrics.go:715.178,717.16 2 0
github.com/newrelic/nri-postgresql/src/metrics/metrics.go:717.16,720.3 2 0
github.com/newrelic/nri-postgresql/src/metrics/metrics.go:721.2,721.15 1 0
github.com/newrelic/nri-postgresql/src/metrics/metrics.go:721.15,723.3 1 0
github.com/newrelic/nri-postgresql/src/metrics/metrics.go:725.2,725.18 1 0
github.com/newrelic/nri-postgresql/src/metrics/metrics.go:725.18,728.17 3 0
github.com/newrelic/nri-postgresql/src/metrics/metrics.go:728.17,731.4 2 0
github.com/newrelic/nri-postgresql/src/metrics/metrics.go:733.3,734.10 2 0
github.com/newrelic/nri-postgresql/src/metrics/metrics.go:734.10,737.4 2 0
github.com/newrelic/nri-postgresql/src/metrics/metrics.go:738.3,739.10 2 0
github.com/newrelic/nri-postgresql/src/metrics/metrics.go:739.10,741.12 2 0
github.com/newrelic/nri-postgresql/src/metrics/metrics.go:744.3,745.10 2 0
github.com/newrelic/nri-postgresql/src/metrics/metrics.go:745.10,748.4 2 0
github.com/newrelic/nri-postgresql/src/metrics/metrics.go:749.3,750.10 2 0
github.com/newrelic/nri-postgresql/src/metrics/metrics.go:750.10,752.12 2 0
github.com/newrelic/nri-postgresql/src/metrics/metrics.go:754.3,755.17 2 0
github.com/newrelic/nri-postgresql/src/metrics/metrics.go:755.17,757.12 2 0
github.com/newrelic/nri-postgresql/src/metrics/metrics.go:760.3,761.10 2 0
github.com/newrelic/nri-postgresql/src/metrics/metrics.go:761.10,764.4 2 0
github.com/newrelic/nri-postgresql/src/metrics/metrics.go:766.3,770.25 2 0
github.com/newrelic/nri-postgresql/src/metrics/metrics.go:770.25,771.71 1 0
github.com/newrelic/nri-postgresql/src/metrics/metrics.go:771.71,772.13 1 0
github.com/newrelic/nri-postgresql/src/metrics/metrics.go:775.4,776.25 2 0
github.com/newrelic/nri-postgresql/src/metrics/metrics.go:777.16,778.26 1 0
github.com/newrelic/nri-postgresql/src/metrics/metrics.go:779.16,780.18 1 0
github.com/newrelic/nri-postgresql/src/metrics/metrics.go:781.12,782.30 1 0
github.com/newrelic/nri-postgresql/src/metrics/metrics.go:785.4,785.82 1 0
github.com/newrelic/nri-postgresql/src/metrics/metrics.go:788.3,790.17 3 0
github.com/newrelic/nri-postgresql/src/metrics/metrics.go:790.17,792.12 2 0
github.com/newrelic/nri-postgresql/src/metrics/modelers.go:18.57,19.23 1 14
github.com/newrelic/nri-postgresql/src/metrics/modelers.go:19.23,21.3 1 0
github.com/newrelic/nri-postgresql/src/metrics/modelers.go:22.2,22.25 1 14
github.com/newrelic/nri-postgresql/src/metrics/modelers.go:26.61,29.9 3 14
github.com/newrelic/nri-postgresql/src/metrics/modelers.go:29.9,31.3 1 0
github.com/newrelic/nri-postgresql/src/metrics/modelers.go:33.2,34.16 2 14
github.com/newrelic/nri-postgresql/src/metrics/modelers.go:34.16,36.3 1 0
github.com/newrelic/nri-postgresql/src/metrics/modelers.go:38.2,38.18 1 14
github.com/newrelic/nri-postgresql/src/metrics/modelers.go:51.53,52.21 1 4
github.com/newrelic/nri-postgresql/src/metrics/modelers.go:52.21,54.3 1 0
github.com/newrelic/nri-postgresql/src/metrics/modelers.go:55.2,55.23 1 4
github.com/newrelic/nri-postgresql/src/metrics/modelers.go:59.59,62.9 3 4
github.com/newrelic/nri-postgresql/src/metrics/modelers.go:62.9,64.3 1 0
github.com/newrelic/nri-postgresql/src/metrics/modelers.go:66.2,67.16 2 4
github.com/newrelic/nri-postgresql/src/metrics/modelers.go:67.16,69.3 1 0
github.com/newrelic/nri-postgresql/src/metrics/modelers.go:71.2,71.18 1 4
github.com/newrelic/nri-postgresql/src/metrics/modelers.go:84.51,85.20 1 4
github.com/newrelic/nri-postgresql/src/metrics/modelers.go:85.20,87.3 1 0
github.com/newrelic/nri-postgresql/src/metrics/modelers.go:88.2,88.22 1 4
github.com/newrelic/nri-postgresql/src/metrics/modelers.go:92.58,95.9 3 4
github.com/newrelic/nri-postgresql/src/metrics/modelers.go:95.9,97.3 1 0
github.com/newrelic/nri-postgresql/src/metrics/modelers.go:99.2,100.16 2 4
github.com/newrelic/nri-postgresql/src/metrics/modelers.go:100.16,102.3 1 0
github.com/newrelic/nri-postgresql/src/metrics/modelers.go:104.2,104.18 1 4
github.com/newrelic/nri-postgresql/src/metrics/modelers.go:117.51,118.20 1 2
github.com/newrelic/nri-postgresql/src/metrics/modelers.go:118.20,120.3 1 0
github.com/newrelic/nri-postgresql/src/metrics/modelers.go:121.2,121.22 1 2
github.com/newrelic/nri-postgresql/src/metrics/modelers.go:125.58,128.9 3 2
github.com/newrelic/nri-postgresql/src/metrics/modelers.go:128.9,130.3 1 0
github.com/newrelic/nri-postgresql/src/metrics/modelers.go:132.2,133.16 2 2
github.com/newrelic/nri-postgresql/src/metrics/modelers.go:133.16,135.3 1 0
github.com/newrelic/nri-postgresql/src/metrics/modelers.go:137.2,137.18 1 2
github.com/newrelic/nri-postgresql/src/metrics/pgbouncer_definitions.go:3.56,9.2 4 5
github.com/newrelic/nri-postgresql/src/metrics/table_definitions.go:8.128,11.18 2 3
github.com/newrelic/nri-postgresql/src/metrics/table_definitions.go:11.18,13.23 2 3
github.com/newrelic/nri-postgresql/src/metrics/table_definitions.go:13.23,14.85 1 1
github.com/newrelic/nri-postgresql/src/metrics/table_definitions.go:14.85,16.5 1 1
github.com/newrelic/nri-postgresql/src/metrics/table_definitions.go:17.9,18.78 1 2
github.com/newrelic/nri-postgresql/src/metrics/table_definitions.go:18.78,20.5 1 1
github.com/newrelic/nri-postgresql/src/metrics/table_definitions.go:24.2,24.71 1 3
github.com/newrelic/nri-postgresql/src/metrics/table_definitions.go:24.71,26.3 1 2
github.com/newrelic/nri-postgresql/src/metrics/table_definitions.go:28.2,28.25 1 3
github.com/newrelic/nri-postgresql/src/query-performance-monitoring/common-utils/common_helpers.go:17.68,18.21 1 2
github.com/newrelic/nri-postgresql/src/query-performance-monitoring/common-utils/common_helpers.go:18.21,20.3 1 1
github.com/newrelic/nri-postgresql/src/query-performance-monitoring/common-utils/common_helpers.go:21.2,22.28 2 1
github.com/newrelic/nri-postgresql/src/query-performance-monitoring/common-utils/common_helpers.go:22.28,24.3 1 1
github.com/newrelic/nri-postgresql/src/query-performance-monitoring/common-utils/common_helpers.go:25.2,25.39 1 1
github.com/newrelic/nri-postgresql/src/query-performance-monitoring/common-utils/common_helpers.go:28.46,31.2 2 2
github.com/newrelic/nri-postgresql/src/query-performance-monitoring/common-utils/common_helpers.go:34.39,36.16 2 0
github.com/newrelic/nri-postgresql/src/query-performance-monitoring/common-utils/common_helpers.go:36.16,38.3 1 0
github.com/newrelic/nri-postgresql/src/query-performance-monitoring/common-utils/common_helpers.go:39.2,41.20 3 0
github.com/newrelic/nri-postgresql/src/query-performance-monitoring/common-utils/common_helpers.go:44.49,65.2 12 8
github.com/newrelic/nri-postgresql/src/query-performance-monitoring/common-utils/ingestion-helpers.go:14.90,15.20 1 5
github.com/newrelic/nri-postgresql/src/query-performance-monitoring/common-utils/ingestion-helpers.go:16.15,18.17 2 3
github.com/newrelic/nri-postgresql/src/query-performance-monitoring/common-utils/ingestion-helpers.go:18.17,21.4 2 0
github.com/newrelic/nri-postgresql/src/query-performance-monitoring/common-utils/ingestion-helpers.go:22.19,24.17 2 1
github.com/newrelic/nri-postgresql/src/query-performance-monitoring/common-utils/ingestion-helpers.go:24.17,27.4 2 0
github.com/newrelic/nri-postgresql/src/query-performance-monitoring/common-utils/ingestion-helpers.go:28.10,30.17 2 1
github.com/newrelic/nri-postgresql/src/query-performance-monitoring/common-utils/ingestion-helpers.go:30.17,33.4 2 0
github.com/newrelic/nri-postgresql/src/query-performance-monitoring/common-utils/ingestion-helpers.go:38.148,40.16 2 1
github.com/newrelic/nri-postgresql/src/query-performance-monitoring/common-utils/ingestion-helpers.go:40.16,43.3 2 0
github.com/newrelic/nri-postgresql/src/query-performance-monitoring/common-utils/ingestion-helpers.go:45.2,47.35 2 1
github.com/newrelic/nri-postgresql/src/query-performance-monitoring/common-utils/ingestion-helpers.go:47.35,48.19 1 1
github.com/newrelic/nri-postgresql/src/query-performance-monitoring/common-utils/ingestion-helpers.go:48.19,49.12 1 0
github.com/newrelic/nri-postgresql/src/query-performance-monitoring/common-utils/ingestion-helpers.go:51.3,55.24 4 1
github.com/newrelic/nri-postgresql/src/query-performance-monitoring/common-utils/ingestion-helpers.go:55.24,57.12 2 0
github.com/newrelic/nri-postgresql/src/query-performance-monitoring/common-utils/ingestion-helpers.go:60.3,60.38 1 1
github.com/newrelic/nri-postgresql/src/query-performance-monitoring/common-utils/ingestion-helpers.go:60.38,62.77 2 0
github.com/newrelic/nri-postgresql/src/query-performance-monitoring/common-utils/ingestion-helpers.go:62.77,65.5 2 0
github.com/newrelic/nri-postgresql/src/query-performance-monitoring/common-utils/ingestion-helpers.go:68.2,68.21 1 1
github.com/newrelic/nri-postgresql/src/query-performance-monitoring/common-utils/ingestion-helpers.go:68.21,69.76 1 1
github.com/newrelic/nri-postgresql/src/query-performance-monitoring/common-utils/ingestion-helpers.go:69.76,72.4 2 0
github.com/newrelic/nri-postgresql/src/query-performance-monitoring/common-utils/ingestion-helpers.go:74.2,74.12 1 1
github.com/newrelic/nri-postgresql/src/query-performance-monitoring/common-utils/ingestion-helpers.go:77.127,79.2 1 5
github.com/newrelic/nri-postgresql/src/query-performance-monitoring/common-utils/ingestion-helpers.go:81.67,83.38 2 2
github.com/newrelic/nri-postgresql/src/query-performance-monitoring/common-utils/ingestion-helpers.go:83.38,85.3 1 0
github.com/newrelic/nri-postgresql/src/query-performance-monitoring/common-utils/ingestion-helpers.go:86.2,86.66 1 2
github.com/newrelic/nri-postgresql/src/query-performance-monitoring/common-utils/ingestion-helpers.go:86.66,89.3 2 0
github.com/newrelic/nri-postgresql/src/query-performance-monitoring/common-utils/ingestion-helpers.go:91.2,93.45 2 2
github.com/newrelic/nri-postgresql/src/query-performance-monitoring/common-utils/ingestion-helpers.go:93.45,100.28 6 2
github.com/newrelic/nri-postgresql/src/query-performance-monitoring/common-utils/ingestion-helpers.go:100.28,101.12 1 0
github.com/newrelic/nri-postgresql/src/query-performance-monitoring/common-utils/ingestion-helpers.go:104.3,104.52 1 2
github.com/newrelic/nri-postgresql/src/query-performance-monitoring/common-utils/ingestion-helpers.go:104.52,106.4 1 0
github.com/newrelic/nri-postgresql/src/query-performance-monitoring/common-utils/ingestion-helpers.go:106.9,106.41 1 2
github.com/newrelic/nri-postgresql/src/query-performance-monitoring/common-utils/ingestion-helpers.go:106.41,108.4 1 2
github.com/newrelic/nri-postgresql/src/query-performance-monitoring/common-utils/ingestion-helpers.go:110.2,110.12 1 2
github.com/newrelic/nri-postgresql/src/query-performance-monitoring/common-utils/ingestion-helpers.go:113.143,114.48 1 2
github.com/newrelic/nri-postgresql/src/query-performance-monitoring/common-utils/ingestion-helpers.go:114.48,116.3 1 0
github.com/newrelic/nri-postgresql/src/query-performance-monitoring/common-utils/ingestion-helpers.go:117.2,119.12 3 2
github.com/newrelic/nri-postgresql/src/query-performance-monitoring/common-utils/query_fetch_helpers.go:7.68,8.9 1 3
github.com/newrelic/nri-postgresql/src/query-performance-monitoring/common-utils/query_fetch_helpers.go:9.36,10.40 1 1
github.com/newrelic/nri-postgresql/src/query-performance-monitoring/common-utils/query_fetch_helpers.go:11.36,12.48 1 1
github.com/newrelic/nri-postgresql/src/query-performance-monitoring/common-utils/query_fetch_helpers.go:13.10,14.35 1 1
github.com/newrelic/nri-postgresql/src/query-performance-monitoring/common-utils/query_fetch_helpers.go:18.72,19.9 1 4
github.com/newrelic/nri-postgresql/src/query-performance-monitoring/common-utils/query_fetch_helpers.go:20.66,21.50 1 2
github.com/newrelic/nri-postgresql/src/query-performance-monitoring/common-utils/query_fetch_helpers.go:22.36,23.52 1 1
github.com/newrelic/nri-postgresql/src/query-performance-monitoring/common-utils/query_fetch_helpers.go:24.10,25.35 1 1
github.com/newrelic/nri-postgresql/src/query-performance-monitoring/common-utils/query_fetch_helpers.go:29.76,30.9 1 4
github.com/newrelic/nri-postgresql/src/query-performance-monitoring/common-utils/query_fetch_helpers.go:31.36,32.47 1 1
github.com/newrelic/nri-postgresql/src/query-performance-monitoring/common-utils/query_fetch_helpers.go:33.35,34.55 1 2
github.com/newrelic/nri-postgresql/src/query-performance-monitoring/common-utils/query_fetch_helpers.go:35.10,36.35 1 1
github.com/newrelic/nri-postgresql/src/query-performance-monitoring/performance-metrics/blocking_sessions.go:18.191,20.17 2 0
github.com/newrelic/nri-postgresql/src/query-performance-monitoring/performance-metrics/blocking_sessions.go:20.17,23.3 2 0
github.com/newrelic/nri-postgresql/src/query-performance-monitoring/performance-metrics/blocking_sessions.go:24.2,25.31 2 0
github.com/newrelic/nri-postgresql/src/query-performance-monitoring/performance-metrics/blocking_sessions.go:25.31,28.3 2 0
github.com/newrelic/nri-postgresql/src/query-performance-monitoring/performance-metrics/blocking_sessions.go:29.2,29.42 1 0
github.com/newrelic/nri-postgresql/src/query-performance-monitoring/performance-metrics/blocking_sessions.go:29.42,32.3 2 0
github.com/newrelic/nri-postgresql/src/query-performance-monitoring/performance-metrics/blocking_sessions.go:33.2,34.16 2 0
github.com/newrelic/nri-postgresql/src/query-performance-monitoring/performance-metrics/blocking_sessions.go:34.16,37.3 2 0
github.com/newrelic/nri-postgresql/src/query-performance-monitoring/performance-metrics/blocking_sessions.go:40.134,43.16 3 2
github.com/newrelic/nri-postgresql/src/query-performance-monitoring/performance-metrics/blocking_sessions.go:43.16,46.3 2 0
github.com/newrelic/nri-postgresql/src/query-performance-monitoring/performance-metrics/blocking_sessions.go:47.2,49.16 3 2
github.com/newrelic/nri-postgresql/src/query-performance-monitoring/performance-metrics/blocking_sessions.go:49.16,52.3 2 1
github.com/newrelic/nri-postgresql/src/query-performance-monitoring/performance-metrics/blocking_sessions.go:53.2,54.18 2 1
github.com/newrelic/nri-postgresql/src/query-performance-monitoring/performance-metrics/blocking_sessions.go:54.18,56.75 2 2
github.com/newrelic/nri-postgresql/src/query-performance-monitoring/performance-metrics/blocking_sessions.go:56.75,58.4 1 0
github.com/newrelic/nri-postgresql/src/query-performance-monitoring/performance-metrics/blocking_sessions.go:60.3,60.97 1 2
github.com/newrelic/nri-postgresql/src/query-performance-monitoring/performance-metrics/blocking_sessions.go:60.97,63.4 2 2
github.com/newrelic/nri-postgresql/src/query-performance-monitoring/performance-metrics/blocking_sessions.go:64.3,64.87 1 2
github.com/newrelic/nri-postgresql/src/query-performance-monitoring/performance-metrics/blocking_sessions.go:67.2,67.40 1 1
github.com/newrelic/nri-postgresql/src/query-performance-monitoring/performance-metrics/blocking_sessions.go:70.252,72.17 2 0
github.com/newrelic/nri-postgresql/src/query-performance-monitoring/performance-metrics/blocking_sessions.go:72.17,75.3 2 0
github.com/newrelic/nri-postgresql/src/query-performance-monitoring/performance-metrics/blocking_sessions.go:76.2,77.31 2 0
github.com/newrelic/nri-postgresql/src/query-performance-monitoring/performance-metrics/blocking_sessions.go:77.31,80.3 2 0
github.com/newrelic/nri-postgresql/src/query-performance-monitoring/performance-metrics/blocking_sessions.go:81.2,81.42 1 0
github.com/newrelic/nri-postgresql/src/query-performance-monitoring/performance-metrics/blocking_sessions.go:81.42,84.3 2 0
github.com/newrelic/nri-postgresql/src/query-performance-monitoring/performance-metrics/blocking_sessions.go:85.2,87.16 3 0
github.com/newrelic/nri-postgresql/src/query-performance-monitoring/performance-metrics/blocking_sessions.go:87.16,90.3 2 0
github.com/newrelic/nri-postgresql/src/query-performance-monitoring/performance-metrics/blocking_sessions.go:93.162,97.16 4 2
github.com/newrelic/nri-postgresql/src/query-performance-monitoring/performance-metrics/blocking_sessions.go:97.16,100.3 2 1
github.com/newrelic/nri-postgresql/src/query-performance-monitoring/performance-metrics/blocking_sessions.go:101.2,102.18 2 1
github.com/newrelic/nri-postgresql/src/query-performance-monitoring/performance-metrics/blocking_sessions.go:102.18,104.75 2 2
github.com/newrelic/nri-postgresql/src/query-performance-monitoring/performance-metrics/blocking_sessions.go:104.75,106.4 1 0
github.com/newrelic/nri-postgresql/src/query-performance-monitoring/performance-metrics/blocking_sessions.go:107.3,107.87 1 2
github.com/newrelic/nri-postgresql/src/query-performance-monitoring/performance-metrics/blocking_sessions.go:109.2,109.40 1 1
github.com/newrelic/nri-postgresql/src/query-performance-monitoring/performance-metrics/blocking_sessions.go:112.163,115.42 3 2
github.com/newrelic/nri-postgresql/src/query-performance-monitoring/performance-metrics/blocking_sessions.go:115.42,117.3 1 2
github.com/newrelic/nri-postgresql/src/query-performance-monitoring/performance-metrics/blocking_sessions.go:118.2,118.63 1 2
github.com/newrelic/nri-postgresql/src/query-performance-monitoring/performance-metrics/blocking_sessions.go:118.63,124.60 5 2
github.com/newrelic/nri-postgresql/src/query-performance-monitoring/performance-metrics/blocking_sessions.go:124.60,130.4 5 1
github.com/newrelic/nri-postgresql/src/query-performance-monitoring/performance-metrics/blocking_sessions.go:132.2,132.42 1 2
github.com/newrelic/nri-postgresql/src/query-performance-monitoring/performance-metrics/execution_plan_metrics.go:15.204,16.23 1 1
github.com/newrelic/nri-postgresql/src/query-performance-monitoring/performance-metrics/execution_plan_metrics.go:16.23,19.3 2 1
github.com/newrelic/nri-postgresql/src/query-performance-monitoring/performance-metrics/execution_plan_metrics.go:20.2,22.16 3 0
github.com/newrelic/nri-postgresql/src/query-performance-monitoring/performance-metrics/execution_plan_metrics.go:22.16,25.3 2 0
github.com/newrelic/nri-postgresql/src/query-performance-monitoring/performance-metrics/execution_plan_metrics.go:28.134,31.78 3 0
github.com/newrelic/nri-postgresql/src/query-performance-monitoring/performance-metrics/execution_plan_metrics.go:31.78,33.17 2 0
github.com/newrelic/nri-postgresql/src/query-performance-monitoring/performance-metrics/execution_plan_metrics.go:33.17,35.12 2 0
github.com/newrelic/nri-postgresql/src/query-performance-monitoring/performance-metrics/execution_plan_metrics.go:37.3,38.17 2 0
github.com/newrelic/nri-postgresql/src/query-performance-monitoring/performance-metrics/execution_plan_metrics.go:41.2,41.33 1 0
github.com/newrelic/nri-postgresql/src/query-performance-monitoring/performance-metrics/execution_plan_metrics.go:44.185,45.56 1 0
github.com/newrelic/nri-postgresql/src/query-performance-monitoring/performance-metrics/execution_plan_metrics.go:45.56,46.116 1 0
github.com/newrelic/nri-postgresql/src/query-performance-monitoring/performance-metrics/execution_plan_metrics.go:46.116,48.12 2 0
github.com/newrelic/nri-postgresql/src/query-performance-monitoring/performance-metrics/execution_plan_metrics.go:50.3,52.17 3 0
github.com/newrelic/nri-postgresql/src/query-performance-monitoring/performance-metrics/execution_plan_metrics.go:52.17,54.12 2 0
github.com/newrelic/nri-postgresql/src/query-performance-monitoring/performance-metrics/execution_plan_metrics.go:56.3,57.19 2 0
github.com/newrelic/nri-postgresql/src/query-performance-monitoring/performance-metrics/execution_plan_metrics.go:57.19,59.12 2 0
github.com/newrelic/nri-postgresql/src/query-performance-monitoring/performance-metrics/execution_plan_metrics.go:61.3,62.58 2 0
github.com/newrelic/nri-postgresql/src/query-performance-monitoring/performance-metrics/execution_plan_metrics.go:62.58,64.12 2 0
github.com/newrelic/nri-postgresql/src/query-performance-monitoring/performance-metrics/execution_plan_metrics.go:67.3,69.17 3 0
github.com/newrelic/nri-postgresql/src/query-performance-monitoring/performance-metrics/execution_plan_metrics.go:69.17,71.12 2 0
github.com/newrelic/nri-postgresql/src/query-performance-monitoring/performance-metrics/execution_plan_metrics.go:73.3,73.86 1 0
github.com/newrelic/nri-postgresql/src/query-performance-monitoring/performance-metrics/execution_plan_metrics.go:77.164,79.23 2 0
github.com/newrelic/nri-postgresql/src/query-performance-monitoring/performance-metrics/execution_plan_metrics.go:79.23,80.67 1 0
github.com/newrelic/nri-postgresql/src/query-performance-monitoring/performance-metrics/execution_plan_metrics.go:80.67,82.4 1 0
github.com/newrelic/nri-postgresql/src/query-performance-monitoring/performance-metrics/execution_plan_metrics.go:82.9,84.4 1 0
github.com/newrelic/nri-postgresql/src/query-performance-monitoring/performance-metrics/execution_plan_metrics.go:85.8,87.3 1 0
github.com/newrelic/nri-postgresql/src/query-performance-monitoring/performance-metrics/execution_plan_metrics.go:90.121,92.48 2 1
github.com/newrelic/nri-postgresql/src/query-performance-monitoring/performance-metrics/execution_plan_metrics.go:92.48,93.48 1 1
github.com/newrelic/nri-postgresql/src/query-performance-monitoring/performance-metrics/execution_plan_metrics.go:93.48,94.12 1 0
github.com/newrelic/nri-postgresql/src/query-performance-monitoring/performance-metrics/execution_plan_metrics.go:96.3,97.75 2 1
github.com/newrelic/nri-postgresql/src/query-performance-monitoring/performance-metrics/execution_plan_metrics.go:99.2,99.20 1 1
github.com/newrelic/nri-postgresql/src/query-performance-monitoring/performance-metrics/execution_plan_metrics.go:102.175,105.16 3 3
github.com/newrelic/nri-postgresql/src/query-performance-monitoring/performance-metrics/execution_plan_metrics.go:105.16,108.3 2 0
github.com/newrelic/nri-postgresql/src/query-performance-monitoring/performance-metrics/execution_plan_metrics.go:109.2,115.62 7 3
github.com/newrelic/nri-postgresql/src/query-performance-monitoring/performance-metrics/execution_plan_metrics.go:115.62,116.42 1 2
github.com/newrelic/nri-postgresql/src/query-performance-monitoring/performance-metrics/execution_plan_metrics.go:116.42,117.80 1 2
github.com/newrelic/nri-postgresql/src/query-performance-monitoring/performance-metrics/execution_plan_metrics.go:117.80,119.5 1 2
github.com/newrelic/nri-postgresql/src/query-performance-monitoring/performance-metrics/individual_query_metrics.go:21.291,23.17 2 0
github.com/newrelic/nri-postgresql/src/query-performance-monitoring/performance-metrics/individual_query_metrics.go:23.17,26.3 2 0
github.com/newrelic/nri-postgresql/src/query-performance-monitoring/performance-metrics/individual_query_metrics.go:27.2,29.47 3 0
github.com/newrelic/nri-postgresql/src/query-performance-monitoring/performance-metrics/individual_query_metrics.go:29.47,32.3 2 0
github.com/newrelic/nri-postgresql/src/query-performance-monitoring/performance-metrics/individual_query_metrics.go:33.2,34.16 2 0
github.com/newrelic/nri-postgresql/src/query-performance-monitoring/performance-metrics/individual_query_metrics.go:34.16,37.3 2 0
github.com/newrelic/nri-postgresql/src/query-performance-monitoring/performance-metrics/individual_query_metrics.go:38.2,38.30 1 0
github.com/newrelic/nri-postgresql/src/query-performance-monitoring/performance-metrics/individual_query_metrics.go:41.228,42.34 1 1
github.com/newrelic/nri-postgresql/src/query-performance-monitoring/performance-metrics/individual_query_metrics.go:42.34,45.3 2 0
github.com/newrelic/nri-postgresql/src/query-performance-monitoring/performance-metrics/individual_query_metrics.go:46.2,50.16 5 1
github.com/newrelic/nri-postgresql/src/query-performance-monitoring/performance-metrics/individual_query_metrics.go:50.16,53.3 2 0
github.com/newrelic/nri-postgresql/src/query-performance-monitoring/performance-metrics/individual_query_metrics.go:54.2,54.55 1 1
github.com/newrelic/nri-postgresql/src/query-performance-monitoring/performance-metrics/individual_query_metrics.go:54.55,55.39 1 1
github.com/newrelic/nri-postgresql/src/query-performance-monitoring/performance-metrics/individual_query_metrics.go:55.39,56.12 1 0
github.com/newrelic/nri-postgresql/src/query-performance-monitoring/performance-metrics/individual_query_metrics.go:58.3,60.17 3 1
github.com/newrelic/nri-postgresql/src/query-performance-monitoring/performance-metrics/individual_query_metrics.go:60.17,63.4 2 0
github.com/newrelic/nri-postgresql/src/query-performance-monitoring/performance-metrics/individual_query_metrics.go:64.3,66.62 3 1
github.com/newrelic/nri-postgresql/src/query-performance-monitoring/performance-metrics/individual_query_metrics.go:66.62,70.4 3 1
github.com/newrelic/nri-postgresql/src/query-performance-monitoring/performance-metrics/individual_query_metrics.go:72.2,72.72 1 1
github.com/newrelic/nri-postgresql/src/query-performance-monitoring/performance-metrics/individual_query_metrics.go:75.115,77.18 2 1
github.com/newrelic/nri-postgresql/src/query-performance-monitoring/performance-metrics/individual_query_metrics.go:77.18,79.57 2 1
github.com/newrelic/nri-postgresql/src/query-performance-monitoring/performance-metrics/individual_query_metrics.go:79.57,81.12 2 0
github.com/newrelic/nri-postgresql/src/query-performance-monitoring/performance-metrics/individual_query_metrics.go:83.3,83.56 1 1
github.com/newrelic/nri-postgresql/src/query-performance-monitoring/performance-metrics/individual_query_metrics.go:83.56,85.12 2 0
github.com/newrelic/nri-postgresql/src/query-performance-monitoring/performance-metrics/individual_query_metrics.go:87.3,93.17 7 1
github.com/newrelic/nri-postgresql/src/query-performance-monitoring/performance-metrics/individual_query_metrics.go:93.17,95.12 2 0
github.com/newrelic/nri-postgresql/src/query-performance-monitoring/performance-metrics/individual_query_metrics.go:97.3,98.89 2 1
github.com/newrelic/nri-postgresql/src/query-performance-monitoring/performance-metrics/individual_query_metrics.go:100.2,100.35 1 1
github.com/newrelic/nri-postgresql/src/query-performance-monitoring/performance-metrics/individual_query_metrics.go:103.115,105.47 2 1
github.com/newrelic/nri-postgresql/src/query-performance-monitoring/performance-metrics/individual_query_metrics.go:105.47,106.85 1 1
github.com/newrelic/nri-postgresql/src/query-performance-monitoring/performance-metrics/individual_query_metrics.go:106.85,107.12 1 0
github.com/newrelic/nri-postgresql/src/query-performance-monitoring/performance-metrics/individual_query_metrics.go:109.3,113.58 4 1
github.com/newrelic/nri-postgresql/src/query-performance-monitoring/performance-metrics/individual_query_metrics.go:113.58,115.4 1 1
github.com/newrelic/nri-postgresql/src/query-performance-monitoring/performance-metrics/individual_query_metrics.go:116.3,116.59 1 1
github.com/newrelic/nri-postgresql/src/query-performance-monitoring/performance-metrics/individual_query_metrics.go:118.2,118.30 1 1
github.com/newrelic/nri-postgresql/src/query-performance-monitoring/performance-metrics/individual_query_metrics.go:121.208,124.48 3 2
github.com/newrelic/nri-postgresql/src/query-performance-monitoring/performance-metrics/individual_query_metrics.go:124.48,132.17 8 2
github.com/newrelic/nri-postgresql/src/query-performance-monitoring/performance-metrics/individual_query_metrics.go:132.17,134.12 2 0
github.com/newrelic/nri-postgresql/src/query-performance-monitoring/performance-metrics/individual_query_metrics.go:136.3,138.111 3 2
github.com/newrelic/nri-postgresql/src/query-performance-monitoring/performance-metrics/individual_query_metrics.go:140.2,141.16 2 2
github.com/newrelic/nri-postgresql/src/query-performance-monitoring/performance-metrics/individual_query_metrics.go:141.16,144.3 2 0
github.com/newrelic/nri-postgresql/src/query-performance-monitoring/performance-metrics/individual_query_metrics.go:145.2,145.37 1 2
github.com/newrelic/nri-postgresql/src/query-performance-monitoring/performance-metrics/individual_query_metrics.go:148.93,152.16 4 0
github.com/newrelic/nri-postgresql/src/query-performance-monitoring/performance-metrics/individual_query_metrics.go:152.16,155.3 2 0
github.com/newrelic/nri-postgresql/src/query-performance-monitoring/performance-metrics/individual_query_metrics.go:156.2,157.18 2 0
github.com/newrelic/nri-postgresql/src/query-performance-monitoring/performance-metrics/individual_query_metrics.go:157.18,159.61 2 0
github.com/newrelic/nri-postgresql/src/query-performance-monitoring/performance-metrics/individual_query_metrics.go:159.61,161.12 2 0
github.com/newrelic/nri-postgresql/src/query-performance-monitoring/performance-metrics/individual_query_metrics.go:163.3,163.83 1 0
github.com/newrelic/nri-postgresql/src/query-performance-monitoring/performance-metrics/individual_query_metrics.go:165.2,165.35 1 0
github.com/newrelic/nri-postgresql/src/query-performance-monitoring/performance-metrics/slow_query_metrics.go:16.175,20.16 4 4
github.com/newrelic/nri-postgresql/src/query-performance-monitoring/performance-metrics/slow_query_metrics.go:20.16,23.3 2 1
github.com/newrelic/nri-postgresql/src/query-performance-monitoring/performance-metrics/slow_query_metrics.go:24.2,26.16 3 3
github.com/newrelic/nri-postgresql/src/query-performance-monitoring/performance-metrics/slow_query_metrics.go:26.16,28.3 1 0
github.com/newrelic/nri-postgresql/src/query-performance-monitoring/performance-metrics/slow_query_metrics.go:29.2,30.18 2 3
github.com/newrelic/nri-postgresql/src/query-performance-monitoring/performance-metrics/slow_query_metrics.go:30.18,32.61 2 2
github.com/newrelic/nri-postgresql/src/query-performance-monitoring/performance-metrics/slow_query_metrics.go:32.61,34.4 1 0
github.com/newrelic/nri-postgresql/src/query-performance-monitoring/performance-metrics/slow_query_metrics.go:35.3,35.101 1 2
github.com/newrelic/nri-postgresql/src/query-performance-monitoring/performance-metrics/slow_query_metrics.go:35.101,38.4 2 0
github.com/newrelic/nri-postgresql/src/query-performance-monitoring/performance-metrics/slow_query_metrics.go:39.3,40.83 2 2
github.com/newrelic/nri-postgresql/src/query-performance-monitoring/performance-metrics/slow_query_metrics.go:42.2,42.65 1 3
github.com/newrelic/nri-postgresql/src/query-performance-monitoring/performance-metrics/slow_query_metrics.go:45.231,47.17 2 0
github.com/newrelic/nri-postgresql/src/query-performance-monitoring/performance-metrics/slow_query_metrics.go:47.17,50.3 2 0
github.com/newrelic/nri-postgresql/src/query-performance-monitoring/performance-metrics/slow_query_metrics.go:52.2,53.16 2 0
github.com/newrelic/nri-postgresql/src/query-performance-monitoring/performance-metrics/slow_query_metrics.go:53.16,56.3 2 0
github.com/newrelic/nri-postgresql/src/query-performance-monitoring/performance-metrics/slow_query_metrics.go:58.2,58.36 1 0
github.com/newrelic/nri-postgresql/src/query-performance-monitoring/performance-metrics/slow_query_metrics.go:58.36,61.3 2 0
github.com/newrelic/nri-postgresql/src/query-performance-monitoring/performance-metrics/slow_query_metrics.go:62.2,63.16 2 0
github.com/newrelic/nri-postgresql/src/query-performance-monitoring/performance-metrics/slow_query_metrics.go:63.16,66.3 2 0
github.com/newrelic/nri-postgresql/src/query-performance-monitoring/performance-metrics/slow_query_metrics.go:67.2,67.29 1 0
github.com/newrelic/nri-postgresql/src/query-performance-monitoring/performance-metrics/slow_query_metrics.go:71.237,73.17 2 0
github.com/newrelic/nri-postgresql/src/query-performance-monitoring/performance-metrics/slow_query_metrics.go:73.17,76.3 2 0
github.com/newrelic/nri-postgresql/src/query-performance-monitoring/performance-metrics/slow_query_metrics.go:77.2,80.16 4 0
github.com/newrelic/nri-postgresql/src/query-performance-monitoring/performance-metrics/slow_query_metrics.go:80.16,83.3 2 0
github.com/newrelic/nri-postgresql/src/query-performance-monitoring/performance-metrics/slow_query_metrics.go:85.2,85.36 1 0
github.com/newrelic/nri-postgresql/src/query-performance-monitoring/performance-metrics/slow_query_metrics.go:85.36,88.3 2 0
github.com/newrelic/nri-postgresql/src/query-performance-monitoring/performance-metrics/slow_query_metrics.go:89.2,90.16 2 0
github.com/newrelic/nri-postgresql/src/query-performance-monitoring/performance-metrics/slow_query_metrics.go:90.16,93.3 2 0
github.com/newrelic/nri-postgresql/src/query-performance-monitoring/performance-metrics/slow_query_metrics.go:94.2,94.33 1 0
github.com/newrelic/nri-postgresql/src/query-performance-monitoring/performance-metrics/slow_query_metrics.go:97.166,101.52 4 4
github.com/newrelic/nri-postgresql/src/query-performance-monitoring/performance-metrics/slow_query_metrics.go:101.52,103.3 1 5
github.com/newrelic/nri-postgresql/src/query-performance-monitoring/performance-metrics/slow_query_metrics.go:104.2,104.51 1 4
github.com/newrelic/nri-postgresql/src/query-performance-monitoring/performance-metrics/slow_query_metrics.go:104.51,106.71 2 5
github.com/newrelic/nri-postgresql/src/query-performance-monitoring/performance-metrics/slow_query_metrics.go:106.71,111.4 4 2
github.com/newrelic/nri-postgresql/src/query-performance-monitoring/performance-metrics/slow_query_metrics.go:113.2,113.68 1 4
github.com/newrelic/nri-postgresql/src/query-performance-monitoring/performance-metrics/wait_event_metrics.go:16.198,18.17 2 0
github.com/newrelic/nri-postgresql/src/query-performance-monitoring/performance-metrics/wait_event_metrics.go:18.17,21.3 2 0
github.com/newrelic/nri-postgresql/src/query-performance-monitoring/performance-metrics/wait_event_metrics.go:22.2,23.25 2 0
github.com/newrelic/nri-postgresql/src/query-performance-monitoring/performance-metrics/wait_event_metrics.go:23.25,26.3 2 0
github.com/newrelic/nri-postgresql/src/query-performance-monitoring/performance-metrics/wait_event_metrics.go:27.2,27.36 1 0
github.com/newrelic/nri-postgresql/src/query-performance-monitoring/performance-metrics/wait_event_metrics.go:27.36,30.3 2 0
github.com/newrelic/nri-postgresql/src/query-performance-monitoring/performance-metrics/wait_event_metrics.go:31.2,32.16 2 0
github.com/newrelic/nri-postgresql/src/query-performance-monitoring/performance-metrics/wait_event_metrics.go:32.16,35.3 2 0
github.com/newrelic/nri-postgresql/src/query-performance-monitoring/performance-metrics/wait_event_metrics.go:36.2,36.12 1 0
github.com/newrelic/nri-postgresql/src/query-performance-monitoring/performance-metrics/wait_event_metrics.go:39.135,43.16 4 2
github.com/newrelic/nri-postgresql/src/query-performance-monitoring/performance-metrics/wait_event_metrics.go:43.16,45.3 1 0
github.com/newrelic/nri-postgresql/src/query-performance-monitoring/performance-metrics/wait_event_metrics.go:46.2,47.18 2 2
github.com/newrelic/nri-postgresql/src/query-performance-monitoring/performance-metrics/wait_event_metrics.go:47.18,49.69 2 1
github.com/newrelic/nri-postgresql/src/query-performance-monitoring/performance-metrics/wait_event_metrics.go:49.69,51.4 1 0
github.com/newrelic/nri-postgresql/src/query-performance-monitoring/performance-metrics/wait_event_metrics.go:53.3,53.65 1 1
github.com/newrelic/nri-postgresql/src/query-performance-monitoring/performance-metrics/wait_event_metrics.go:55.2,55.34 1 2
github.com/newrelic/nri-postgresql/src/query-performance-monitoring/performance-metrics/wait_event_metrics.go:58.254,60.25 2 0
github.com/newrelic/nri-postgresql/src/query-performance-monitoring/performance-metrics/wait_event_metrics.go:60.25,63.3 2 0
github.com/newrelic/nri-postgresql/src/query-performance-monitoring/performance-metrics/wait_event_metrics.go:64.2,64.36 1 0
github.com/newrelic/nri-postgresql/src/query-performance-monitoring/performance-metrics/wait_event_metrics.go:64.36,67.3 2 0
github.com/newrelic/nri-postgresql/src/query-performance-monitoring/performance-metrics/wait_event_metrics.go:68.2,70.16 3 0
github.com/newrelic/nri-postgresql/src/query-performance-monitoring/performance-metrics/wait_event_metrics.go:70.16,73.3 2 0
github.com/newrelic/nri-postgresql/src/query-performance-monitoring/performance-metrics/wait_event_metrics.go:74.2,74.12 1 0
github.com/newrelic/nri-postgresql/src/query-performance-monitoring/performance-metrics/wait_event_metrics.go:77.157,81.16 4 2
github.com/newrelic/nri-postgresql/src/query-performance-monitoring/performance-metrics/wait_event_metrics.go:81.16,83.3 1 0
github.com/newrelic/nri-postgresql/src/query-performance-monitoring/performance-metrics/wait_event_metrics.go:84.2,85.18 2 2
github.com/newrelic/nri-postgresql/src/query-performance-monitoring/performance-metrics/wait_event_metrics.go:85.18,87.69 2 2
github.com/newrelic/nri-postgresql/src/query-performance-monitoring/performance-metrics/wait_event_metrics.go:87.69,89.4 1 0
github.com/newrelic/nri-postgresql/src/query-performance-monitoring/performance-metrics/wait_event_metrics.go:91.3,91.65 1 2
github.com/newrelic/nri-postgresql/src/query-performance-monitoring/performance-metrics/wait_event_metrics.go:93.2,93.34 1 2
github.com/newrelic/nri-postgresql/src/query-performance-monitoring/performance-metrics/wait_event_metrics.go:96.145,99.42 3 2
github.com/newrelic/nri-postgresql/src/query-performance-monitoring/performance-metrics/wait_event_metrics.go:99.42,101.3 1 2
github.com/newrelic/nri-postgresql/src/query-performance-monitoring/performance-metrics/wait_event_metrics.go:102.2,102.51 1 2
github.com/newrelic/nri-postgresql/src/query-performance-monitoring/performance-metrics/wait_event_metrics.go:102.51,104.74 2 2
github.com/newrelic/nri-postgresql/src/query-performance-monitoring/performance-metrics/wait_event_metrics.go:104.74,108.4 3 1
github.com/newrelic/nri-postgresql/src/query-performance-monitoring/performance-metrics/wait_event_metrics.go:110.2,110.41 1 2
github.com/newrelic/nri-postgresql/src/query-performance-monitoring/validations/performance_metrics_validations.go:9.97,11.16 2 10
github.com/newrelic/nri-postgresql/src/query-performance-monitoring/validations/performance_metrics_validations.go:11.16,14.3 2 1
github.com/newrelic/nri-postgresql/src/query-performance-monitoring/validations/performance_metrics_validations.go:15.2,17.18 3 9
github.com/newrelic/nri-postgresql/src/query-performance-monitoring/validations/performance_metrics_validations.go:17.18,19.45 2 10
github.com/newrelic/nri-postgresql/src/query-performance-monitoring/validations/performance_metrics_validations.go:19.45,22.4 2 0
github.com/newrelic/nri-postgresql/src/query-performance-monitoring/validations/performance_metrics_validations.go:23.3,23.36 1 10
github.com/newrelic/nri-postgresql/src/query-performance-monitoring/validations/performance_metrics_validations.go:25.2,25.31 1 9
github.com/newrelic/nri-postgresql/src/query-performance-monitoring/validations/performance_metrics_validations.go:28.84,30.2 1 2
github.com/newrelic/nri-postgresql/src/query-performance-monitoring/validations/performance_metrics_validations.go:32.84,34.2 1 3
github.com/newrelic/nri-postgresql/src/query-performance-monitoring/validations/performance_metrics_validations.go:36.106,38.90 1 3
github.com/newrelic/nri-postgresql/src/query-performance-monitoring/validations/performance_metrics_validations.go:38.90,40.3 1 1
github.com/newrelic/nri-postgresql/src/query-performance-monitoring/validations/performance_metrics_validations.go:41.2,41.64 1 2
github.com/newrelic/nri-postgresql/src/query-performance-monitoring/validations/performance_metrics_validations.go:44.90,46.2 1 2
github.com/newrelic/nri-postgresql/src/query-performance-monitoring/validations/performance_metrics_validations.go:48.73,50.2 1 0
